
=== Mon Mar 17 06:11:11 2025

Packages were changed.
Update Mode: mergeDefaultDependencies

The following packages were added:
  com.unity.modules.ai@1.0.0
  com.unity.modules.androidjni@1.0.0
  com.unity.modules.animation@1.0.0
  com.unity.modules.assetbundle@1.0.0
  com.unity.modules.audio@1.0.0
  com.unity.modules.cloth@1.0.0
  com.unity.modules.director@1.0.0
  com.unity.modules.imageconversion@1.0.0
  com.unity.modules.imgui@1.0.0
  com.unity.modules.jsonserialize@1.0.0
  com.unity.modules.particlesystem@1.0.0
  com.unity.modules.physics@1.0.0
  com.unity.modules.physics2d@1.0.0
  com.unity.modules.screencapture@1.0.0
  com.unity.modules.terrain@1.0.0
  com.unity.modules.terrainphysics@1.0.0
  com.unity.modules.tilemap@1.0.0
  com.unity.modules.ui@1.0.0
  com.unity.modules.uielements@1.0.0
  com.unity.modules.umbra@1.0.0
  com.unity.modules.unityanalytics@1.0.0
  com.unity.modules.unitywebrequest@1.0.0
  com.unity.modules.unitywebrequestassetbundle@1.0.0
  com.unity.modules.unitywebrequestaudio@1.0.0
  com.unity.modules.unitywebrequesttexture@1.0.0
  com.unity.modules.unitywebrequestwww@1.0.0
  com.unity.modules.vehicles@1.0.0
  com.unity.modules.video@1.0.0
  com.unity.modules.vr@1.0.0
  com.unity.modules.wind@1.0.0
  com.unity.modules.xr@1.0.0
  com.unity.modules.accessibility@1.0.0
  com.unity.multiplayer.center@1.0.0
The following packages were updated:
  com.unity.inputsystem from version 1.11.1 to 1.11.2
  com.unity.learn.iet-framework from version 4.0.2 to 4.0.3
  com.unity.xr.interaction.toolkit from version 3.0.6 to 3.0.7

=== Fri Jan 16 14:19:46 2026

Packages were changed.
Update Mode: updateDependencies

The following packages were added:
  com.unity.modules.adaptiveperformance@1.0.0
  com.unity.modules.vectorgraphics@1.0.0
The following packages were updated:
  com.unity.inputsystem from version 1.11.2 to 1.17.0
  com.unity.learn.iet-framework from version 4.0.3 to 5.0.2
  com.unity.multiplayer.center from version 1.0.0 to 1.0.1
  com.unity.render-pipelines.universal from version 17.0.3 to 17.3.0
  com.unity.timeline from version 1.8.7 to 1.8.10
  com.unity.xr.arcore from version 6.0.3 to 6.3.2
  com.unity.xr.arfoundation from version 6.0.3 to 6.3.2
  com.unity.xr.arkit from version 6.0.3 to 6.3.2
  com.unity.xr.interaction.toolkit from version 3.0.7 to 3.3.1
  com.unity.xr.management from version 4.5.0 to 4.5.3
